<?xml version="1.0"?>
<testsuite name="Chrome 122.0.0.0 (Windows 10)" package="" timestamp="2024-02-28T04:26:50" id="0" hostname="codespaces-e7d846" tests="40" errors="0" failures="35" time="0.496">
  <properties>
    <property name="browser.fullName" value="Mozilla/5.0 (Windows NT 10.0; Win64; x64) AppleWebKit/537.36 (KHTML, like Gecko) Chrome/122.0.0.0 Safari/537.36"/>
  </properties>
  <testcase name="[L2] - HomeEconomicefficiencyComponent [L2] - debe existir un selector de año" time="0.361" classname="[L2] - HomeEconomicefficiencyComponent">
    <failure type="">Error: Expected null to be truthy.
    at &lt;Jasmine&gt;
    at UserContext.&lt;anonymous&gt; (https://studious-journey-pw4vqjg7wq93649q-9876.app.github.dev/_karma_webpack_/webpack:/src/app/routes/home/home-economicefficiency/home-economicefficiency.spec.ts:59:31)
    at _ZoneDelegate.invoke (https://studious-journey-pw4vqjg7wq93649q-9876.app.github.dev/_karma_webpack_/webpack:/node_modules/zone.js/fesm2015/zone.js:372:1)
    at ProxyZoneSpec.onInvoke (https://studious-journey-pw4vqjg7wq93649q-9876.app.github.dev/_karma_webpack_/webpack:/node_modules/zone.js/fesm2015/zone-testing.js:287:1)
</failure>
  </testcase>
  <testcase name="[L2] - HomeEconomicefficiencyComponent [L2] - debe mantener la integridad de los datos despues de aplicar un filtro" time="0.003" classname="[L2] - HomeEconomicefficiencyComponent">
    <failure type="">Error: Expected 9999 to be 2024.
    at &lt;Jasmine&gt;
    at UserContext.&lt;anonymous&gt; (https://studious-journey-pw4vqjg7wq93649q-9876.app.github.dev/_karma_webpack_/webpack:/src/app/routes/home/home-economicefficiency/home-economicefficiency.spec.ts:52:50)
    at _ZoneDelegate.invoke (https://studious-journey-pw4vqjg7wq93649q-9876.app.github.dev/_karma_webpack_/webpack:/node_modules/zone.js/fesm2015/zone.js:372:1)
    at ProxyZoneSpec.onInvoke (https://studious-journey-pw4vqjg7wq93649q-9876.app.github.dev/_karma_webpack_/webpack:/node_modules/zone.js/fesm2015/zone-testing.js:287:1)
</failure>
    <failure type="">Error: Expected 'incorrecta' to be '20%'.
    at &lt;Jasmine&gt;
    at UserContext.&lt;anonymous&gt; (https://studious-journey-pw4vqjg7wq93649q-9876.app.github.dev/_karma_webpack_/webpack:/src/app/routes/home/home-economicefficiency/home-economicefficiency.spec.ts:53:56)
    at _ZoneDelegate.invoke (https://studious-journey-pw4vqjg7wq93649q-9876.app.github.dev/_karma_webpack_/webpack:/node_modules/zone.js/fesm2015/zone.js:372:1)
    at ProxyZoneSpec.onInvoke (https://studious-journey-pw4vqjg7wq93649q-9876.app.github.dev/_karma_webpack_/webpack:/node_modules/zone.js/fesm2015/zone-testing.js:287:1)
</failure>
  </testcase>
  <testcase name="[L2] - HomeEconomicefficiencyComponent [L2] - debe tener el color de texto y fondo esperado en las cabeceras de la tabla" time="0.002" classname="[L2] - HomeEconomicefficiencyComponent">
    <failure type="">TypeError: Failed to execute 'getComputedStyle' on 'Window': parameter 1 is not of type 'Element'.
    at UserContext.&lt;anonymous&gt; (https://studious-journey-pw4vqjg7wq93649q-9876.app.github.dev/_karma_webpack_/webpack:/src/app/routes/home/home-economicefficiency/home-economicefficiency.spec.ts:97:23)
    at _ZoneDelegate.invoke (https://studious-journey-pw4vqjg7wq93649q-9876.app.github.dev/_karma_webpack_/webpack:/node_modules/zone.js/fesm2015/zone.js:372:1)
    at ProxyZoneSpec.onInvoke (https://studious-journey-pw4vqjg7wq93649q-9876.app.github.dev/_karma_webpack_/webpack:/node_modules/zone.js/fesm2015/zone-testing.js:287:1)
    at _ZoneDelegate.invoke (https://studious-journey-pw4vqjg7wq93649q-9876.app.github.dev/_karma_webpack_/webpack:/node_modules/zone.js/fesm2015/zone.js:371:1)
    at Zone.run (https://studious-journey-pw4vqjg7wq93649q-9876.app.github.dev/_karma_webpack_/webpack:/node_modules/zone.js/fesm2015/zone.js:134:1)
    at runInTestZone (https://studious-journey-pw4vqjg7wq93649q-9876.app.github.dev/_karma_webpack_/webpack:/node_modules/zone.js/fesm2015/zone-testing.js:582:1)
    at UserContext.&lt;anonymous&gt; (https://studious-journey-pw4vqjg7wq93649q-9876.app.github.dev/_karma_webpack_/webpack:/node_modules/zone.js/fesm2015/zone-testing.js:597:1)
    at &lt;Jasmine&gt;
</failure>
  </testcase>
  <testcase name="[L2] - HomeEconomicefficiencyComponent [L2] - debe actualizar aniosFiltrados cuando cambia la seleccion" time="0.003" classname="[L2] - HomeEconomicefficiencyComponent">
    <failure type="">Error: Expected 0 not to be 0.
    at &lt;Jasmine&gt;
    at UserContext.&lt;anonymous&gt; (https://studious-journey-pw4vqjg7wq93649q-9876.app.github.dev/_karma_webpack_/webpack:/src/app/routes/home/home-economicefficiency/home-economicefficiency.spec.ts:46:53)
    at _ZoneDelegate.invoke (https://studious-journey-pw4vqjg7wq93649q-9876.app.github.dev/_karma_webpack_/webpack:/node_modules/zone.js/fesm2015/zone.js:372:1)
    at ProxyZoneSpec.onInvoke (https://studious-journey-pw4vqjg7wq93649q-9876.app.github.dev/_karma_webpack_/webpack:/node_modules/zone.js/fesm2015/zone-testing.js:287:1)
</failure>
  </testcase>
  <testcase name="[L2] - HomeEconomicefficiencyComponent [L2] - debe mostrar solo los datos del año seleccionado" time="0.002" classname="[L2] - HomeEconomicefficiencyComponent">
    <failure type="">Error: Expected false to be true.
    at &lt;Jasmine&gt;
    at UserContext.&lt;anonymous&gt; (https://studious-journey-pw4vqjg7wq93649q-9876.app.github.dev/_karma_webpack_/webpack:/src/app/routes/home/home-economicefficiency/home-economicefficiency.spec.ts:78:33)
    at _ZoneDelegate.invoke (https://studious-journey-pw4vqjg7wq93649q-9876.app.github.dev/_karma_webpack_/webpack:/node_modules/zone.js/fesm2015/zone.js:372:1)
    at ProxyZoneSpec.onInvoke (https://studious-journey-pw4vqjg7wq93649q-9876.app.github.dev/_karma_webpack_/webpack:/node_modules/zone.js/fesm2015/zone-testing.js:287:1)
</failure>
  </testcase>
  <testcase name="[L2] - HomeEconomicefficiencyComponent [L2] - debe mostrar todos los datos cuando no se selecciona un año" time="0.002" classname="[L2] - HomeEconomicefficiencyComponent">
    <failure type="">Error: Expected 1 to be 0.
    at &lt;Jasmine&gt;
    at UserContext.&lt;anonymous&gt; (https://studious-journey-pw4vqjg7wq93649q-9876.app.github.dev/_karma_webpack_/webpack:/src/app/routes/home/home-economicefficiency/home-economicefficiency.spec.ts:40:49)
    at _ZoneDelegate.invoke (https://studious-journey-pw4vqjg7wq93649q-9876.app.github.dev/_karma_webpack_/webpack:/node_modules/zone.js/fesm2015/zone.js:372:1)
    at ProxyZoneSpec.onInvoke (https://studious-journey-pw4vqjg7wq93649q-9876.app.github.dev/_karma_webpack_/webpack:/node_modules/zone.js/fesm2015/zone-testing.js:287:1)
</failure>
  </testcase>
  <testcase name="[L2] - HomeEconomicefficiencyComponent [L2] - debe aplicar el color de fondo correcto a las filas impares" time="0.002" classname="[L2] - HomeEconomicefficiencyComponent">
    <failure type="">TypeError: Failed to execute 'getComputedStyle' on 'Window': parameter 1 is not of type 'Element'.
    at UserContext.&lt;anonymous&gt; (https://studious-journey-pw4vqjg7wq93649q-9876.app.github.dev/_karma_webpack_/webpack:/src/app/routes/home/home-economicefficiency/home-economicefficiency.spec.ts:92:23)
    at _ZoneDelegate.invoke (https://studious-journey-pw4vqjg7wq93649q-9876.app.github.dev/_karma_webpack_/webpack:/node_modules/zone.js/fesm2015/zone.js:372:1)
    at ProxyZoneSpec.onInvoke (https://studious-journey-pw4vqjg7wq93649q-9876.app.github.dev/_karma_webpack_/webpack:/node_modules/zone.js/fesm2015/zone-testing.js:287:1)
    at _ZoneDelegate.invoke (https://studious-journey-pw4vqjg7wq93649q-9876.app.github.dev/_karma_webpack_/webpack:/node_modules/zone.js/fesm2015/zone.js:371:1)
    at Zone.run (https://studious-journey-pw4vqjg7wq93649q-9876.app.github.dev/_karma_webpack_/webpack:/node_modules/zone.js/fesm2015/zone.js:134:1)
    at runInTestZone (https://studious-journey-pw4vqjg7wq93649q-9876.app.github.dev/_karma_webpack_/webpack:/node_modules/zone.js/fesm2015/zone-testing.js:582:1)
    at UserContext.&lt;anonymous&gt; (https://studious-journey-pw4vqjg7wq93649q-9876.app.github.dev/_karma_webpack_/webpack:/node_modules/zone.js/fesm2015/zone-testing.js:597:1)
    at &lt;Jasmine&gt;
</failure>
  </testcase>
  <testcase name="[L2] - HomeEconomicefficiencyComponent [L2] - debe filtrar correctamente por un año especifico" time="0.002" classname="[L2] - HomeEconomicefficiencyComponent">
    <failure type="">Error: Expected false to be truthy.
    at &lt;Jasmine&gt;
    at UserContext.&lt;anonymous&gt; (https://studious-journey-pw4vqjg7wq93649q-9876.app.github.dev/_karma_webpack_/webpack:/src/app/routes/home/home-economicefficiency/home-economicefficiency.spec.ts:35:82)
    at _ZoneDelegate.invoke (https://studious-journey-pw4vqjg7wq93649q-9876.app.github.dev/_karma_webpack_/webpack:/node_modules/zone.js/fesm2015/zone.js:372:1)
    at ProxyZoneSpec.onInvoke (https://studious-journey-pw4vqjg7wq93649q-9876.app.github.dev/_karma_webpack_/webpack:/node_modules/zone.js/fesm2015/zone-testing.js:287:1)
</failure>
  </testcase>
  <testcase name="[L2] - HomeEconomicefficiencyComponent [L2] - debe inicializar correctamente los arrays anios y aniosFiltrados" time="0.002" classname="[L2] - HomeEconomicefficiencyComponent">
    <failure type="">Error: Expected false to be true.
    at &lt;Jasmine&gt;
    at UserContext.&lt;anonymous&gt; (https://studious-journey-pw4vqjg7wq93649q-9876.app.github.dev/_karma_webpack_/webpack:/src/app/routes/home/home-economicefficiency/home-economicefficiency.spec.ts:28:44)
    at _ZoneDelegate.invoke (https://studious-journey-pw4vqjg7wq93649q-9876.app.github.dev/_karma_webpack_/webpack:/node_modules/zone.js/fesm2015/zone.js:372:1)
    at ProxyZoneSpec.onInvoke (https://studious-journey-pw4vqjg7wq93649q-9876.app.github.dev/_karma_webpack_/webpack:/node_modules/zone.js/fesm2015/zone-testing.js:287:1)
</failure>
    <failure type="">Error: Expected false to be true.
    at &lt;Jasmine&gt;
    at UserContext.&lt;anonymous&gt; (https://studious-journey-pw4vqjg7wq93649q-9876.app.github.dev/_karma_webpack_/webpack:/src/app/routes/home/home-economicefficiency/home-economicefficiency.spec.ts:29:53)
    at _ZoneDelegate.invoke (https://studious-journey-pw4vqjg7wq93649q-9876.app.github.dev/_karma_webpack_/webpack:/node_modules/zone.js/fesm2015/zone.js:372:1)
    at ProxyZoneSpec.onInvoke (https://studious-journey-pw4vqjg7wq93649q-9876.app.github.dev/_karma_webpack_/webpack:/node_modules/zone.js/fesm2015/zone-testing.js:287:1)
</failure>
  </testcase>
  <testcase name="[L2] - HomeEconomicefficiencyComponent [L2] - debe tener el numero correcto de opciones de año" time="0.002" classname="[L2] - HomeEconomicefficiencyComponent">
    <failure type="">TypeError: Cannot read properties of null (reading 'queryAll')
    at UserContext.&lt;anonymous&gt; (https://studious-journey-pw4vqjg7wq93649q-9876.app.github.dev/_karma_webpack_/webpack:/src/app/routes/home/home-economicefficiency/home-economicefficiency.spec.ts:64:39)
    at _ZoneDelegate.invoke (https://studious-journey-pw4vqjg7wq93649q-9876.app.github.dev/_karma_webpack_/webpack:/node_modules/zone.js/fesm2015/zone.js:372:1)
    at ProxyZoneSpec.onInvoke (https://studious-journey-pw4vqjg7wq93649q-9876.app.github.dev/_karma_webpack_/webpack:/node_modules/zone.js/fesm2015/zone-testing.js:287:1)
    at _ZoneDelegate.invoke (https://studious-journey-pw4vqjg7wq93649q-9876.app.github.dev/_karma_webpack_/webpack:/node_modules/zone.js/fesm2015/zone.js:371:1)
    at Zone.run (https://studious-journey-pw4vqjg7wq93649q-9876.app.github.dev/_karma_webpack_/webpack:/node_modules/zone.js/fesm2015/zone.js:134:1)
    at runInTestZone (https://studious-journey-pw4vqjg7wq93649q-9876.app.github.dev/_karma_webpack_/webpack:/node_modules/zone.js/fesm2015/zone-testing.js:582:1)
    at UserContext.&lt;anonymous&gt; (https://studious-journey-pw4vqjg7wq93649q-9876.app.github.dev/_karma_webpack_/webpack:/node_modules/zone.js/fesm2015/zone-testing.js:597:1)
    at &lt;Jasmine&gt;
</failure>
  </testcase>
  <testcase name="[L2] - HomeEconomicefficiencyComponent [L2] - debe mostrar todos los datos cuando se selecciona la opcion por defecto" time="0.002" classname="[L2] - HomeEconomicefficiencyComponent">
    <failure type="">Error: Expected false to be true.
    at &lt;Jasmine&gt;
    at UserContext.&lt;anonymous&gt; (https://studious-journey-pw4vqjg7wq93649q-9876.app.github.dev/_karma_webpack_/webpack:/src/app/routes/home/home-economicefficiency/home-economicefficiency.spec.ts:85:33)
    at _ZoneDelegate.invoke (https://studious-journey-pw4vqjg7wq93649q-9876.app.github.dev/_karma_webpack_/webpack:/node_modules/zone.js/fesm2015/zone.js:372:1)
    at ProxyZoneSpec.onInvoke (https://studious-journey-pw4vqjg7wq93649q-9876.app.github.dev/_karma_webpack_/webpack:/node_modules/zone.js/fesm2015/zone-testing.js:287:1)
</failure>
  </testcase>
  <testcase name="[L2] - HomeEconomicefficiencyComponent [L2] - debe renderizar todas las filas iniciales en la tabla" time="0.002" classname="[L2] - HomeEconomicefficiencyComponent">
    <failure type="">Error: Expected false to be true.
    at &lt;Jasmine&gt;
    at UserContext.&lt;anonymous&gt; (https://studious-journey-pw4vqjg7wq93649q-9876.app.github.dev/_karma_webpack_/webpack:/src/app/routes/home/home-economicefficiency/home-economicefficiency.spec.ts:70:33)
    at _ZoneDelegate.invoke (https://studious-journey-pw4vqjg7wq93649q-9876.app.github.dev/_karma_webpack_/webpack:/node_modules/zone.js/fesm2015/zone.js:372:1)
    at ProxyZoneSpec.onInvoke (https://studious-journey-pw4vqjg7wq93649q-9876.app.github.dev/_karma_webpack_/webpack:/node_modules/zone.js/fesm2015/zone-testing.js:287:1)
</failure>
  </testcase>
  <testcase name="[L1] - HomePublicationsComponent [L1] - debe mostrar el nombre del usuario en la publicación" time="0.017" classname="[L1] - HomePublicationsComponent">
    <failure type="">Error: Expected null to be truthy.
    at &lt;Jasmine&gt;
    at UserContext.&lt;anonymous&gt; (https://studious-journey-pw4vqjg7wq93649q-9876.app.github.dev/_karma_webpack_/webpack:/src/app/routes/home/home-publications/home-publications.component.spec.ts:97:22)
    at _ZoneDelegate.invoke (https://studious-journey-pw4vqjg7wq93649q-9876.app.github.dev/_karma_webpack_/webpack:/node_modules/zone.js/fesm2015/zone.js:372:1)
    at ProxyZoneSpec.onInvoke (https://studious-journey-pw4vqjg7wq93649q-9876.app.github.dev/_karma_webpack_/webpack:/node_modules/zone.js/fesm2015/zone-testing.js:287:1)
</failure>
  </testcase>
  <testcase name="[L1] - HomePublicationsComponent [L1] - cada publicación debe tener una imagen de usuario" time="0.005" classname="[L1] - HomePublicationsComponent">
    <failure type="">Error: Expected 0 to be greater than 0.
    at &lt;Jasmine&gt;
    at UserContext.&lt;anonymous&gt; (https://studious-journey-pw4vqjg7wq93649q-9876.app.github.dev/_karma_webpack_/webpack:/src/app/routes/home/home-publications/home-publications.component.spec.ts:91:31)
    at _ZoneDelegate.invoke (https://studious-journey-pw4vqjg7wq93649q-9876.app.github.dev/_karma_webpack_/webpack:/node_modules/zone.js/fesm2015/zone.js:372:1)
    at ProxyZoneSpec.onInvoke (https://studious-journey-pw4vqjg7wq93649q-9876.app.github.dev/_karma_webpack_/webpack:/node_modules/zone.js/fesm2015/zone-testing.js:287:1)
</failure>
  </testcase>
  <testcase name="[L1] - HomePublicationsComponent [L1] - debe existir al menos un mat-card para las publicaciones" time="0.004" classname="[L1] - HomePublicationsComponent">
    <failure type="">Error: Expected 0 to be greater than 0.
    at &lt;Jasmine&gt;
    at UserContext.&lt;anonymous&gt; (https://studious-journey-pw4vqjg7wq93649q-9876.app.github.dev/_karma_webpack_/webpack:/src/app/routes/home/home-publications/home-publications.component.spec.ts:85:32)
    at _ZoneDelegate.invoke (https://studious-journey-pw4vqjg7wq93649q-9876.app.github.dev/_karma_webpack_/webpack:/node_modules/zone.js/fesm2015/zone.js:372:1)
    at ProxyZoneSpec.onInvoke (https://studious-journey-pw4vqjg7wq93649q-9876.app.github.dev/_karma_webpack_/webpack:/node_modules/zone.js/fesm2015/zone-testing.js:287:1)
</failure>
  </testcase>
  <testcase name="[L1] - HomePublicationsComponent [L1] - El boton con ID &quot;2&quot; deben llamar a addComment al hacer clic" time="0.005" classname="[L1] - HomePublicationsComponent"/>
  <testcase name="[L1] - HomePublicationsComponent [L1] - El boton con ID &quot;1&quot; deben llamar a addComment al hacer clic" time="0.003" classname="[L1] - HomePublicationsComponent"/>
  <testcase name="[L1] - HomePublicationsComponent [L1] - el botón con ID &quot;2&quot; debe estar siempre dentro de &lt;div class=&quot;text-comments&quot;> y tener color=&quot;primary&quot;" time="0.004" classname="[L1] - HomePublicationsComponent">
    <failure type="">Error: Expected null to be truthy.
    at &lt;Jasmine&gt;
    at UserContext.&lt;anonymous&gt; (https://studious-journey-pw4vqjg7wq93649q-9876.app.github.dev/_karma_webpack_/webpack:/src/app/routes/home/home-publications/home-publications.component.spec.ts:64:27)
    at _ZoneDelegate.invoke (https://studious-journey-pw4vqjg7wq93649q-9876.app.github.dev/_karma_webpack_/webpack:/node_modules/zone.js/fesm2015/zone.js:372:1)
    at ProxyZoneSpec.onInvoke (https://studious-journey-pw4vqjg7wq93649q-9876.app.github.dev/_karma_webpack_/webpack:/node_modules/zone.js/fesm2015/zone-testing.js:287:1)
</failure>
    <failure type="">TypeError: Cannot read properties of null (reading 'attributes')
    at UserContext.&lt;anonymous&gt; (https://studious-journey-pw4vqjg7wq93649q-9876.app.github.dev/_karma_webpack_/webpack:/src/app/routes/home/home-publications/home-publications.component.spec.ts:65:26)
    at _ZoneDelegate.invoke (https://studious-journey-pw4vqjg7wq93649q-9876.app.github.dev/_karma_webpack_/webpack:/node_modules/zone.js/fesm2015/zone.js:372:1)
    at ProxyZoneSpec.onInvoke (https://studious-journey-pw4vqjg7wq93649q-9876.app.github.dev/_karma_webpack_/webpack:/node_modules/zone.js/fesm2015/zone-testing.js:287:1)
    at _ZoneDelegate.invoke (https://studious-journey-pw4vqjg7wq93649q-9876.app.github.dev/_karma_webpack_/webpack:/node_modules/zone.js/fesm2015/zone.js:371:1)
    at Zone.run (https://studious-journey-pw4vqjg7wq93649q-9876.app.github.dev/_karma_webpack_/webpack:/node_modules/zone.js/fesm2015/zone.js:134:1)
    at runInTestZone (https://studious-journey-pw4vqjg7wq93649q-9876.app.github.dev/_karma_webpack_/webpack:/node_modules/zone.js/fesm2015/zone-testing.js:582:1)
    at UserContext.&lt;anonymous&gt; (https://studious-journey-pw4vqjg7wq93649q-9876.app.github.dev/_karma_webpack_/webpack:/node_modules/zone.js/fesm2015/zone-testing.js:597:1)
    at &lt;Jasmine&gt;
</failure>
  </testcase>
  <testcase name="[L1] - HomePublicationsComponent [L1] - el botón con ID &quot;2&quot; debe estar siempre dentro de &lt;div class=&quot;text-comments&quot;>" time="0.004" classname="[L1] - HomePublicationsComponent">
    <failure type="">Error: Expected null to be truthy.
    at &lt;Jasmine&gt;
    at UserContext.&lt;anonymous&gt; (https://studious-journey-pw4vqjg7wq93649q-9876.app.github.dev/_karma_webpack_/webpack:/src/app/routes/home/home-publications/home-publications.component.spec.ts:57:27)
    at _ZoneDelegate.invoke (https://studious-journey-pw4vqjg7wq93649q-9876.app.github.dev/_karma_webpack_/webpack:/node_modules/zone.js/fesm2015/zone.js:372:1)
    at ProxyZoneSpec.onInvoke (https://studious-journey-pw4vqjg7wq93649q-9876.app.github.dev/_karma_webpack_/webpack:/node_modules/zone.js/fesm2015/zone-testing.js:287:1)
</failure>
    <failure type="">TypeError: Cannot read properties of null (reading 'nativeElement')
    at UserContext.&lt;anonymous&gt; (https://studious-journey-pw4vqjg7wq93649q-9876.app.github.dev/_karma_webpack_/webpack:/src/app/routes/home/home-publications/home-publications.component.spec.ts:59:65)
    at _ZoneDelegate.invoke (https://studious-journey-pw4vqjg7wq93649q-9876.app.github.dev/_karma_webpack_/webpack:/node_modules/zone.js/fesm2015/zone.js:372:1)
    at ProxyZoneSpec.onInvoke (https://studious-journey-pw4vqjg7wq93649q-9876.app.github.dev/_karma_webpack_/webpack:/node_modules/zone.js/fesm2015/zone-testing.js:287:1)
    at _ZoneDelegate.invoke (https://studious-journey-pw4vqjg7wq93649q-9876.app.github.dev/_karma_webpack_/webpack:/node_modules/zone.js/fesm2015/zone.js:371:1)
    at Zone.run (https://studious-journey-pw4vqjg7wq93649q-9876.app.github.dev/_karma_webpack_/webpack:/node_modules/zone.js/fesm2015/zone.js:134:1)
    at runInTestZone (https://studious-journey-pw4vqjg7wq93649q-9876.app.github.dev/_karma_webpack_/webpack:/node_modules/zone.js/fesm2015/zone-testing.js:582:1)
    at UserContext.&lt;anonymous&gt; (https://studious-journey-pw4vqjg7wq93649q-9876.app.github.dev/_karma_webpack_/webpack:/node_modules/zone.js/fesm2015/zone-testing.js:597:1)
    at &lt;Jasmine&gt;
</failure>
  </testcase>
  <testcase name="[L1] - HomePublicationsComponent [L1] - debe existir un input para añadir comentarios en cada publicación" time="0.004" classname="[L1] - HomePublicationsComponent">
    <failure type="">Error: Expected 0 to be greater than 0.
    at &lt;Jasmine&gt;
    at UserContext.&lt;anonymous&gt; (https://studious-journey-pw4vqjg7wq93649q-9876.app.github.dev/_karma_webpack_/webpack:/src/app/routes/home/home-publications/home-publications.component.spec.ts:127:34)
    at _ZoneDelegate.invoke (https://studious-journey-pw4vqjg7wq93649q-9876.app.github.dev/_karma_webpack_/webpack:/node_modules/zone.js/fesm2015/zone.js:372:1)
    at ProxyZoneSpec.onInvoke (https://studious-journey-pw4vqjg7wq93649q-9876.app.github.dev/_karma_webpack_/webpack:/node_modules/zone.js/fesm2015/zone-testing.js:287:1)
</failure>
  </testcase>
  <testcase name="[L1] - HomePublicationsComponent [L1] - el botón con ID &quot;1&quot; debe estar siempre dentro de &lt;mat-card-actions>" time="0.006" classname="[L1] - HomePublicationsComponent">
    <failure type="">Error: Expected null to be truthy.
    at &lt;Jasmine&gt;
    at UserContext.&lt;anonymous&gt; (https://studious-journey-pw4vqjg7wq93649q-9876.app.github.dev/_karma_webpack_/webpack:/src/app/routes/home/home-publications/home-publications.component.spec.ts:48:27)
    at _ZoneDelegate.invoke (https://studious-journey-pw4vqjg7wq93649q-9876.app.github.dev/_karma_webpack_/webpack:/node_modules/zone.js/fesm2015/zone.js:372:1)
    at ProxyZoneSpec.onInvoke (https://studious-journey-pw4vqjg7wq93649q-9876.app.github.dev/_karma_webpack_/webpack:/node_modules/zone.js/fesm2015/zone-testing.js:287:1)
</failure>
    <failure type="">Error: Expected null to be truthy.
    at &lt;Jasmine&gt;
    at UserContext.&lt;anonymous&gt; (https://studious-journey-pw4vqjg7wq93649q-9876.app.github.dev/_karma_webpack_/webpack:/src/app/routes/home/home-publications/home-publications.component.spec.ts:49:28)
    at _ZoneDelegate.invoke (https://studious-journey-pw4vqjg7wq93649q-9876.app.github.dev/_karma_webpack_/webpack:/node_modules/zone.js/fesm2015/zone.js:372:1)
    at ProxyZoneSpec.onInvoke (https://studious-journey-pw4vqjg7wq93649q-9876.app.github.dev/_karma_webpack_/webpack:/node_modules/zone.js/fesm2015/zone-testing.js:287:1)
</failure>
    <failure type="">TypeError: Cannot read properties of null (reading 'nativeElement')
    at UserContext.&lt;anonymous&gt; (https://studious-journey-pw4vqjg7wq93649q-9876.app.github.dev/_karma_webpack_/webpack:/src/app/routes/home/home-publications/home-publications.component.spec.ts:50:27)
    at _ZoneDelegate.invoke (https://studious-journey-pw4vqjg7wq93649q-9876.app.github.dev/_karma_webpack_/webpack:/node_modules/zone.js/fesm2015/zone.js:372:1)
    at ProxyZoneSpec.onInvoke (https://studious-journey-pw4vqjg7wq93649q-9876.app.github.dev/_karma_webpack_/webpack:/node_modules/zone.js/fesm2015/zone-testing.js:287:1)
    at _ZoneDelegate.invoke (https://studious-journey-pw4vqjg7wq93649q-9876.app.github.dev/_karma_webpack_/webpack:/node_modules/zone.js/fesm2015/zone.js:371:1)
    at Zone.run (https://studious-journey-pw4vqjg7wq93649q-9876.app.github.dev/_karma_webpack_/webpack:/node_modules/zone.js/fesm2015/zone.js:134:1)
    at runInTestZone (https://studious-journey-pw4vqjg7wq93649q-9876.app.github.dev/_karma_webpack_/webpack:/node_modules/zone.js/fesm2015/zone-testing.js:582:1)
    at UserContext.&lt;anonymous&gt; (https://studious-journey-pw4vqjg7wq93649q-9876.app.github.dev/_karma_webpack_/webpack:/node_modules/zone.js/fesm2015/zone-testing.js:597:1)
    at &lt;Jasmine&gt;
</failure>
  </testcase>
  <testcase name="[L1] - HomePublicationsComponent [L1] - el botón con ID &quot;2&quot; debe tener el atributo color establecido en &quot;primary&quot;" time="0.005" classname="[L1] - HomePublicationsComponent">
    <failure type="">Error: Expected null to equal 'primary'.
    at &lt;Jasmine&gt;
    at UserContext.&lt;anonymous&gt; (https://studious-journey-pw4vqjg7wq93649q-9876.app.github.dev/_karma_webpack_/webpack:/src/app/routes/home/home-publications/home-publications.component.spec.ts:115:49)
    at _ZoneDelegate.invoke (https://studious-journey-pw4vqjg7wq93649q-9876.app.github.dev/_karma_webpack_/webpack:/node_modules/zone.js/fesm2015/zone.js:372:1)
    at ProxyZoneSpec.onInvoke (https://studious-journey-pw4vqjg7wq93649q-9876.app.github.dev/_karma_webpack_/webpack:/node_modules/zone.js/fesm2015/zone-testing.js:287:1)
</failure>
  </testcase>
  <testcase name="[L1] - HomePublicationsComponent [L1] - Debe existir un boton por publicacion con id = 2 cuyo label en pantalla sea comentario" time="0.004" classname="[L1] - HomePublicationsComponent"/>
  <testcase name="[L1] - HomePublicationsComponent [L1] - debe existir una seccion de comentarios en cada publicacion" time="0.005" classname="[L1] - HomePublicationsComponent">
    <failure type="">Error: Expected 0 to be greater than 0.
    at &lt;Jasmine&gt;
    at UserContext.&lt;anonymous&gt; (https://studious-journey-pw4vqjg7wq93649q-9876.app.github.dev/_karma_webpack_/webpack:/src/app/routes/home/home-publications/home-publications.component.spec.ts:121:36)
    at _ZoneDelegate.invoke (https://studious-journey-pw4vqjg7wq93649q-9876.app.github.dev/_karma_webpack_/webpack:/node_modules/zone.js/fesm2015/zone.js:372:1)
    at ProxyZoneSpec.onInvoke (https://studious-journey-pw4vqjg7wq93649q-9876.app.github.dev/_karma_webpack_/webpack:/node_modules/zone.js/fesm2015/zone-testing.js:287:1)
</failure>
  </testcase>
  <testcase name="[L1] - HomePublicationsComponent [L1] - el botón con ID &quot;1&quot; debe contener el texto &quot;Mensaje&quot;" time="0.006" classname="[L1] - HomePublicationsComponent"/>
  <testcase name="[L1] - HomePublicationsComponent [L1] - Debe existir un boton por publicacion con id = 1 cuyo label en pantalla sea mensaje" time="0.004" classname="[L1] - HomePublicationsComponent"/>
  <testcase name="[L1] - HomePublicationsComponent [L1] - debe haber un botón &quot;Me gusta&quot; en cada publicación" time="0.006" classname="[L1] - HomePublicationsComponent">
    <failure type="">Error: Expected false to be true.
    at &lt;Jasmine&gt;
    at UserContext.&lt;anonymous&gt; (https://studious-journey-pw4vqjg7wq93649q-9876.app.github.dev/_karma_webpack_/webpack:/src/app/routes/home/home-publications/home-publications.component.spec.ts:103:95)
    at _ZoneDelegate.invoke (https://studious-journey-pw4vqjg7wq93649q-9876.app.github.dev/_karma_webpack_/webpack:/node_modules/zone.js/fesm2015/zone.js:372:1)
    at ProxyZoneSpec.onInvoke (https://studious-journey-pw4vqjg7wq93649q-9876.app.github.dev/_karma_webpack_/webpack:/node_modules/zone.js/fesm2015/zone-testing.js:287:1)
</failure>
  </testcase>
  <testcase name="[L2] - HomeEconomicsIndicatorsComponent [L2] - debe renderizar el contenedor de indicadores" time="0.003" classname="[L2] - HomeEconomicsIndicatorsComponent">
    <failure type="">Error: Expected null to be truthy.
    at &lt;Jasmine&gt;
    at UserContext.&lt;anonymous&gt; (https://studious-journey-pw4vqjg7wq93649q-9876.app.github.dev/_karma_webpack_/webpack:/src/app/routes/home/home-economics-indicators/home-economics-indicator.spec.ts:30:37)
    at _ZoneDelegate.invoke (https://studious-journey-pw4vqjg7wq93649q-9876.app.github.dev/_karma_webpack_/webpack:/node_modules/zone.js/fesm2015/zone.js:372:1)
    at ProxyZoneSpec.onInvoke (https://studious-journey-pw4vqjg7wq93649q-9876.app.github.dev/_karma_webpack_/webpack:/node_modules/zone.js/fesm2015/zone-testing.js:287:1)
</failure>
  </testcase>
  <testcase name="[L2] - HomeEconomicsIndicatorsComponent [L2] - debe manejar correctamente un arreglo vacio de indicadores" time="0.002" classname="[L2] - HomeEconomicsIndicatorsComponent">
    <failure type="">Error: Expected 0 to equal 5.
    at &lt;Jasmine&gt;
    at UserContext.&lt;anonymous&gt; (https://studious-journey-pw4vqjg7wq93649q-9876.app.github.dev/_karma_webpack_/webpack:/src/app/routes/home/home-economics-indicators/home-economics-indicator.spec.ts:97:53)
    at _ZoneDelegate.invoke (https://studious-journey-pw4vqjg7wq93649q-9876.app.github.dev/_karma_webpack_/webpack:/node_modules/zone.js/fesm2015/zone.js:372:1)
    at ProxyZoneSpec.onInvoke (https://studious-journey-pw4vqjg7wq93649q-9876.app.github.dev/_karma_webpack_/webpack:/node_modules/zone.js/fesm2015/zone-testing.js:287:1)
</failure>
  </testcase>
  <testcase name="[L2] - HomeEconomicsIndicatorsComponent [L2] - debe mostrar el valor de cada indicador correctamente" time="0.002" classname="[L2] - HomeEconomicsIndicatorsComponent">
    <failure type="">TypeError: Cannot read properties of undefined (reading 'nativeElement')
    at UserContext.&lt;anonymous&gt; (https://studious-journey-pw4vqjg7wq93649q-9876.app.github.dev/_karma_webpack_/webpack:/src/app/routes/home/home-economics-indicators/home-economics-indicator.spec.ts:65:35)
    at _ZoneDelegate.invoke (https://studious-journey-pw4vqjg7wq93649q-9876.app.github.dev/_karma_webpack_/webpack:/node_modules/zone.js/fesm2015/zone.js:372:1)
    at ProxyZoneSpec.onInvoke (https://studious-journey-pw4vqjg7wq93649q-9876.app.github.dev/_karma_webpack_/webpack:/node_modules/zone.js/fesm2015/zone-testing.js:287:1)
    at _ZoneDelegate.invoke (https://studious-journey-pw4vqjg7wq93649q-9876.app.github.dev/_karma_webpack_/webpack:/node_modules/zone.js/fesm2015/zone.js:371:1)
    at Zone.run (https://studious-journey-pw4vqjg7wq93649q-9876.app.github.dev/_karma_webpack_/webpack:/node_modules/zone.js/fesm2015/zone.js:134:1)
    at runInTestZone (https://studious-journey-pw4vqjg7wq93649q-9876.app.github.dev/_karma_webpack_/webpack:/node_modules/zone.js/fesm2015/zone-testing.js:582:1)
    at UserContext.&lt;anonymous&gt; (https://studious-journey-pw4vqjg7wq93649q-9876.app.github.dev/_karma_webpack_/webpack:/node_modules/zone.js/fesm2015/zone-testing.js:597:1)
    at &lt;Jasmine&gt;
</failure>
  </testcase>
  <testcase name="[L2] - HomeEconomicsIndicatorsComponent [L2] - debe mostrar la descripcion de cada indicador correctamente" time="0.002" classname="[L2] - HomeEconomicsIndicatorsComponent">
    <failure type="">TypeError: Cannot read properties of undefined (reading 'nativeElement')
    at UserContext.&lt;anonymous&gt; (https://studious-journey-pw4vqjg7wq93649q-9876.app.github.dev/_karma_webpack_/webpack:/src/app/routes/home/home-economics-indicators/home-economics-indicator.spec.ts:78:41)
    at _ZoneDelegate.invoke (https://studious-journey-pw4vqjg7wq93649q-9876.app.github.dev/_karma_webpack_/webpack:/node_modules/zone.js/fesm2015/zone.js:372:1)
    at ProxyZoneSpec.onInvoke (https://studious-journey-pw4vqjg7wq93649q-9876.app.github.dev/_karma_webpack_/webpack:/node_modules/zone.js/fesm2015/zone-testing.js:287:1)
    at _ZoneDelegate.invoke (https://studious-journey-pw4vqjg7wq93649q-9876.app.github.dev/_karma_webpack_/webpack:/node_modules/zone.js/fesm2015/zone.js:371:1)
    at Zone.run (https://studious-journey-pw4vqjg7wq93649q-9876.app.github.dev/_karma_webpack_/webpack:/node_modules/zone.js/fesm2015/zone.js:134:1)
    at runInTestZone (https://studious-journey-pw4vqjg7wq93649q-9876.app.github.dev/_karma_webpack_/webpack:/node_modules/zone.js/fesm2015/zone-testing.js:582:1)
    at UserContext.&lt;anonymous&gt; (https://studious-journey-pw4vqjg7wq93649q-9876.app.github.dev/_karma_webpack_/webpack:/node_modules/zone.js/fesm2015/zone-testing.js:597:1)
    at &lt;Jasmine&gt;
</failure>
  </testcase>
  <testcase name="[L2] - HomeEconomicsIndicatorsComponent [L2] - debe renderizar la cantidad correcta de tarjetas de indicadores" time="0.002" classname="[L2] - HomeEconomicsIndicatorsComponent">
    <failure type="">Error: Expected 0 to equal 3.
    at &lt;Jasmine&gt;
    at UserContext.&lt;anonymous&gt; (https://studious-journey-pw4vqjg7wq93649q-9876.app.github.dev/_karma_webpack_/webpack:/src/app/routes/home/home-economics-indicators/home-economics-indicator.spec.ts:41:39)
    at _ZoneDelegate.invoke (https://studious-journey-pw4vqjg7wq93649q-9876.app.github.dev/_karma_webpack_/webpack:/node_modules/zone.js/fesm2015/zone.js:372:1)
    at ProxyZoneSpec.onInvoke (https://studious-journey-pw4vqjg7wq93649q-9876.app.github.dev/_karma_webpack_/webpack:/node_modules/zone.js/fesm2015/zone-testing.js:287:1)
</failure>
  </testcase>
  <testcase name="[L2] - HomeEconomicsIndicatorsComponent [L2] - debe mostrar el titulo de cada indicador correctamente" time="0.002" classname="[L2] - HomeEconomicsIndicatorsComponent">
    <failure type="">TypeError: Cannot read properties of undefined (reading 'nativeElement')
    at UserContext.&lt;anonymous&gt; (https://studious-journey-pw4vqjg7wq93649q-9876.app.github.dev/_karma_webpack_/webpack:/src/app/routes/home/home-economics-indicators/home-economics-indicator.spec.ts:52:35)
    at _ZoneDelegate.invoke (https://studious-journey-pw4vqjg7wq93649q-9876.app.github.dev/_karma_webpack_/webpack:/node_modules/zone.js/fesm2015/zone.js:372:1)
    at ProxyZoneSpec.onInvoke (https://studious-journey-pw4vqjg7wq93649q-9876.app.github.dev/_karma_webpack_/webpack:/node_modules/zone.js/fesm2015/zone-testing.js:287:1)
    at _ZoneDelegate.invoke (https://studious-journey-pw4vqjg7wq93649q-9876.app.github.dev/_karma_webpack_/webpack:/node_modules/zone.js/fesm2015/zone.js:371:1)
    at Zone.run (https://studious-journey-pw4vqjg7wq93649q-9876.app.github.dev/_karma_webpack_/webpack:/node_modules/zone.js/fesm2015/zone.js:134:1)
    at runInTestZone (https://studious-journey-pw4vqjg7wq93649q-9876.app.github.dev/_karma_webpack_/webpack:/node_modules/zone.js/fesm2015/zone-testing.js:582:1)
    at UserContext.&lt;anonymous&gt; (https://studious-journey-pw4vqjg7wq93649q-9876.app.github.dev/_karma_webpack_/webpack:/node_modules/zone.js/fesm2015/zone-testing.js:597:1)
    at &lt;Jasmine&gt;
</failure>
  </testcase>
  <testcase name="[L2] - HomeEconomicsIndicatorsComponent [L2] - debe inicializar economicIndicators correctamente con datos" time="0.002" classname="[L2] - HomeEconomicsIndicatorsComponent">
    <failure type="">Error: Expected 3 to be greater than 6.
    at &lt;Jasmine&gt;
    at UserContext.&lt;anonymous&gt; (https://studious-journey-pw4vqjg7wq93649q-9876.app.github.dev/_karma_webpack_/webpack:/src/app/routes/home/home-economics-indicators/home-economics-indicator.spec.ts:91:53)
    at _ZoneDelegate.invoke (https://studious-journey-pw4vqjg7wq93649q-9876.app.github.dev/_karma_webpack_/webpack:/node_modules/zone.js/fesm2015/zone.js:372:1)
    at ProxyZoneSpec.onInvoke (https://studious-journey-pw4vqjg7wq93649q-9876.app.github.dev/_karma_webpack_/webpack:/node_modules/zone.js/fesm2015/zone-testing.js:287:1)
</failure>
  </testcase>
  <testcase name="[L2] - HomeEconomicsIndicatorsComponent [L2] - debe actualizar la vista correctamente cuando los datos de economicIndicators cambian despues de la inicializacion" time="0.003" classname="[L2] - HomeEconomicsIndicatorsComponent">
    <failure type="">Error: Expected 0 to equal 2.
    at &lt;Jasmine&gt;
    at UserContext.&lt;anonymous&gt; (https://studious-journey-pw4vqjg7wq93649q-9876.app.github.dev/_karma_webpack_/webpack:/src/app/routes/home/home-economics-indicators/home-economics-indicator.spec.ts:113:39)
    at _ZoneDelegate.invoke (https://studious-journey-pw4vqjg7wq93649q-9876.app.github.dev/_karma_webpack_/webpack:/node_modules/zone.js/fesm2015/zone.js:372:1)
    at ProxyZoneSpec.onInvoke (https://studious-journey-pw4vqjg7wq93649q-9876.app.github.dev/_karma_webpack_/webpack:/node_modules/zone.js/fesm2015/zone-testing.js:287:1)
</failure>
    <failure type="">TypeError: Cannot read properties of null (reading 'nativeElement')
    at UserContext.&lt;anonymous&gt; (https://studious-journey-pw4vqjg7wq93649q-9876.app.github.dev/_karma_webpack_/webpack:/src/app/routes/home/home-economics-indicators/home-economics-indicator.spec.ts:115:32)
    at _ZoneDelegate.invoke (https://studious-journey-pw4vqjg7wq93649q-9876.app.github.dev/_karma_webpack_/webpack:/node_modules/zone.js/fesm2015/zone.js:372:1)
    at ProxyZoneSpec.onInvoke (https://studious-journey-pw4vqjg7wq93649q-9876.app.github.dev/_karma_webpack_/webpack:/node_modules/zone.js/fesm2015/zone-testing.js:287:1)
    at _ZoneDelegate.invoke (https://studious-journey-pw4vqjg7wq93649q-9876.app.github.dev/_karma_webpack_/webpack:/node_modules/zone.js/fesm2015/zone.js:371:1)
    at Zone.run (https://studious-journey-pw4vqjg7wq93649q-9876.app.github.dev/_karma_webpack_/webpack:/node_modules/zone.js/fesm2015/zone.js:134:1)
    at runInTestZone (https://studious-journey-pw4vqjg7wq93649q-9876.app.github.dev/_karma_webpack_/webpack:/node_modules/zone.js/fesm2015/zone-testing.js:582:1)
    at UserContext.&lt;anonymous&gt; (https://studious-journey-pw4vqjg7wq93649q-9876.app.github.dev/_karma_webpack_/webpack:/node_modules/zone.js/fesm2015/zone-testing.js:597:1)
    at &lt;Jasmine&gt;
</failure>
  </testcase>
  <testcase name="[L2] - PersonalInfoComponent [L2] - Deberia usar un ALT para definir la descripcion de la imagen como &quot;Foto de perfil&quot;" time="0.003" classname="[L2] - PersonalInfoComponent">
    <failure type="">TypeError: Cannot read properties of null (reading 'nativeElement')
    at UserContext.&lt;anonymous&gt; (https://studious-journey-pw4vqjg7wq93649q-9876.app.github.dev/_karma_webpack_/webpack:/src/app/routes/home/personal-info/personal-info.component.spec.ts:43:17)
    at _ZoneDelegate.invoke (https://studious-journey-pw4vqjg7wq93649q-9876.app.github.dev/_karma_webpack_/webpack:/node_modules/zone.js/fesm2015/zone.js:372:1)
    at ProxyZoneSpec.onInvoke (https://studious-journey-pw4vqjg7wq93649q-9876.app.github.dev/_karma_webpack_/webpack:/node_modules/zone.js/fesm2015/zone-testing.js:287:1)
    at _ZoneDelegate.invoke (https://studious-journey-pw4vqjg7wq93649q-9876.app.github.dev/_karma_webpack_/webpack:/node_modules/zone.js/fesm2015/zone.js:371:1)
    at Zone.run (https://studious-journey-pw4vqjg7wq93649q-9876.app.github.dev/_karma_webpack_/webpack:/node_modules/zone.js/fesm2015/zone.js:134:1)
    at runInTestZone (https://studious-journey-pw4vqjg7wq93649q-9876.app.github.dev/_karma_webpack_/webpack:/node_modules/zone.js/fesm2015/zone-testing.js:582:1)
    at UserContext.&lt;anonymous&gt; (https://studious-journey-pw4vqjg7wq93649q-9876.app.github.dev/_karma_webpack_/webpack:/node_modules/zone.js/fesm2015/zone-testing.js:597:1)
    at &lt;Jasmine&gt;
</failure>
  </testcase>
  <testcase name="[L2] - PersonalInfoComponent [L2] - Deberia de tener un link a user profile" time="0.002" classname="[L2] - PersonalInfoComponent">
    <failure type="">TypeError: Cannot read properties of null (reading 'nativeElement')
    at UserContext.&lt;anonymous&gt; (https://studious-journey-pw4vqjg7wq93649q-9876.app.github.dev/_karma_webpack_/webpack:/src/app/routes/home/personal-info/personal-info.component.spec.ts:33:20)
    at _ZoneDelegate.invoke (https://studious-journey-pw4vqjg7wq93649q-9876.app.github.dev/_karma_webpack_/webpack:/node_modules/zone.js/fesm2015/zone.js:372:1)
    at ProxyZoneSpec.onInvoke (https://studious-journey-pw4vqjg7wq93649q-9876.app.github.dev/_karma_webpack_/webpack:/node_modules/zone.js/fesm2015/zone-testing.js:287:1)
    at _ZoneDelegate.invoke (https://studious-journey-pw4vqjg7wq93649q-9876.app.github.dev/_karma_webpack_/webpack:/node_modules/zone.js/fesm2015/zone.js:371:1)
    at Zone.run (https://studious-journey-pw4vqjg7wq93649q-9876.app.github.dev/_karma_webpack_/webpack:/node_modules/zone.js/fesm2015/zone.js:134:1)
    at runInTestZone (https://studious-journey-pw4vqjg7wq93649q-9876.app.github.dev/_karma_webpack_/webpack:/node_modules/zone.js/fesm2015/zone-testing.js:582:1)
    at UserContext.&lt;anonymous&gt; (https://studious-journey-pw4vqjg7wq93649q-9876.app.github.dev/_karma_webpack_/webpack:/node_modules/zone.js/fesm2015/zone-testing.js:597:1)
    at &lt;Jasmine&gt;
</failure>
  </testcase>
  <testcase name="[L2] - PersonalInfoComponent [L2] - Debe de usar un mat-card-content, su contenido debe ser &quot;StartUp de venta de telas&quot;" time="0.002" classname="[L2] - PersonalInfoComponent">
    <failure type="">TypeError: Cannot read properties of null (reading 'nativeElement')
    at UserContext.&lt;anonymous&gt; (https://studious-journey-pw4vqjg7wq93649q-9876.app.github.dev/_karma_webpack_/webpack:/src/app/routes/home/personal-info/personal-info.component.spec.ts:48:15)
    at _ZoneDelegate.invoke (https://studious-journey-pw4vqjg7wq93649q-9876.app.github.dev/_karma_webpack_/webpack:/node_modules/zone.js/fesm2015/zone.js:372:1)
    at ProxyZoneSpec.onInvoke (https://studious-journey-pw4vqjg7wq93649q-9876.app.github.dev/_karma_webpack_/webpack:/node_modules/zone.js/fesm2015/zone-testing.js:287:1)
    at _ZoneDelegate.invoke (https://studious-journey-pw4vqjg7wq93649q-9876.app.github.dev/_karma_webpack_/webpack:/node_modules/zone.js/fesm2015/zone.js:371:1)
    at Zone.run (https://studious-journey-pw4vqjg7wq93649q-9876.app.github.dev/_karma_webpack_/webpack:/node_modules/zone.js/fesm2015/zone.js:134:1)
    at runInTestZone (https://studious-journey-pw4vqjg7wq93649q-9876.app.github.dev/_karma_webpack_/webpack:/node_modules/zone.js/fesm2015/zone-testing.js:582:1)
    at UserContext.&lt;anonymous&gt; (https://studious-journey-pw4vqjg7wq93649q-9876.app.github.dev/_karma_webpack_/webpack:/node_modules/zone.js/fesm2015/zone-testing.js:597:1)
    at &lt;Jasmine&gt;
</failure>
  </testcase>
  <testcase name="[L2] - PersonalInfoComponent [L2] - Deberia tener la correcta card class" time="0.002" classname="[L2] - PersonalInfoComponent">
    <failure type="">TypeError: Cannot read properties of null (reading 'nativeElement')
    at UserContext.&lt;anonymous&gt; (https://studious-journey-pw4vqjg7wq93649q-9876.app.github.dev/_karma_webpack_/webpack:/src/app/routes/home/personal-info/personal-info.component.spec.ts:38:18)
    at _ZoneDelegate.invoke (https://studious-journey-pw4vqjg7wq93649q-9876.app.github.dev/_karma_webpack_/webpack:/node_modules/zone.js/fesm2015/zone.js:372:1)
    at ProxyZoneSpec.onInvoke (https://studious-journey-pw4vqjg7wq93649q-9876.app.github.dev/_karma_webpack_/webpack:/node_modules/zone.js/fesm2015/zone-testing.js:287:1)
    at _ZoneDelegate.invoke (https://studious-journey-pw4vqjg7wq93649q-9876.app.github.dev/_karma_webpack_/webpack:/node_modules/zone.js/fesm2015/zone.js:371:1)
    at Zone.run (https://studious-journey-pw4vqjg7wq93649q-9876.app.github.dev/_karma_webpack_/webpack:/node_modules/zone.js/fesm2015/zone.js:134:1)
    at runInTestZone (https://studious-journey-pw4vqjg7wq93649q-9876.app.github.dev/_karma_webpack_/webpack:/node_modules/zone.js/fesm2015/zone-testing.js:582:1)
    at UserContext.&lt;anonymous&gt; (https://studious-journey-pw4vqjg7wq93649q-9876.app.github.dev/_karma_webpack_/webpack:/node_modules/zone.js/fesm2015/zone-testing.js:597:1)
    at &lt;Jasmine&gt;
</failure>
  </testcase>
  <testcase name="[L2] - PersonalInfoComponent [L2] - Deberia de mostrar la imagen por default" time="0.002" classname="[L2] - PersonalInfoComponent">
    <failure type="">TypeError: Cannot read properties of null (reading 'nativeElement')
    at UserContext.&lt;anonymous&gt; (https://studious-journey-pw4vqjg7wq93649q-9876.app.github.dev/_karma_webpack_/webpack:/src/app/routes/home/personal-info/personal-info.component.spec.ts:28:17)
    at _ZoneDelegate.invoke (https://studious-journey-pw4vqjg7wq93649q-9876.app.github.dev/_karma_webpack_/webpack:/node_modules/zone.js/fesm2015/zone.js:372:1)
    at ProxyZoneSpec.onInvoke (https://studious-journey-pw4vqjg7wq93649q-9876.app.github.dev/_karma_webpack_/webpack:/node_modules/zone.js/fesm2015/zone-testing.js:287:1)
    at _ZoneDelegate.invoke (https://studious-journey-pw4vqjg7wq93649q-9876.app.github.dev/_karma_webpack_/webpack:/node_modules/zone.js/fesm2015/zone.js:371:1)
    at Zone.run (https://studious-journey-pw4vqjg7wq93649q-9876.app.github.dev/_karma_webpack_/webpack:/node_modules/zone.js/fesm2015/zone.js:134:1)
    at runInTestZone (https://studious-journey-pw4vqjg7wq93649q-9876.app.github.dev/_karma_webpack_/webpack:/node_modules/zone.js/fesm2015/zone-testing.js:582:1)
    at UserContext.&lt;anonymous&gt; (https://studious-journey-pw4vqjg7wq93649q-9876.app.github.dev/_karma_webpack_/webpack:/node_modules/zone.js/fesm2015/zone-testing.js:597:1)
    at &lt;Jasmine&gt;
</failure>
  </testcase>
  <system-out>
    <![CDATA[Chrome 122.0.0.0 (Windows 10) ERROR: 'NG0304: 'mat-card-title' is not a known element:
1. If 'mat-card-title' is an Angular component, then verify that it is part of this module.
2. If 'mat-card-title' is a Web Component then add 'CUSTOM_ELEMENTS_SCHEMA' to the '@NgModule.schemas' of this component to suppress this message.'
,Chrome 122.0.0.0 (Windows 10) ERROR: 'NG0304: 'mat-list' is not a known element:
1. If 'mat-list' is an Angular component, then verify that it is part of this module.
2. If 'mat-list' is a Web Component then add 'CUSTOM_ELEMENTS_SCHEMA' to the '@NgModule.schemas' of this component to suppress this message.'
,Chrome 122.0.0.0 (Windows 10) ERROR: 'NG0304: 'mat-form-field' is not a known element:
1. If 'mat-form-field' is an Angular component, then verify that it is part of this module.
2. If 'mat-form-field' is a Web Component then add 'CUSTOM_ELEMENTS_SCHEMA' to the '@NgModule.schemas' of this component to suppress this message.'
,Chrome 122.0.0.0 (Windows 10) ERROR: 'NG0303: Can't bind to 'ngModel' since it isn't a known property of 'textarea'.'
,Chrome 122.0.0.0 (Windows 10) ERROR: 'NG0303: Can't bind to 'ngModel' since it isn't a known property of 'textarea'.'
,Chrome 122.0.0.0 (Windows 10) ERROR: 'NG0304: 'mat-card-title' is not a known element:
1. If 'mat-card-title' is an Angular component, then verify that it is part of this module.
2. If 'mat-card-title' is a Web Component then add 'CUSTOM_ELEMENTS_SCHEMA' to the '@NgModule.schemas' of this component to suppress this message.'
,Chrome 122.0.0.0 (Windows 10) ERROR: 'NG0304: 'mat-list' is not a known element:
1. If 'mat-list' is an Angular component, then verify that it is part of this module.
2. If 'mat-list' is a Web Component then add 'CUSTOM_ELEMENTS_SCHEMA' to the '@NgModule.schemas' of this component to suppress this message.'
,Chrome 122.0.0.0 (Windows 10) ERROR: 'NG0304: 'mat-form-field' is not a known element:
1. If 'mat-form-field' is an Angular component, then verify that it is part of this module.
2. If 'mat-form-field' is a Web Component then add 'CUSTOM_ELEMENTS_SCHEMA' to the '@NgModule.schemas' of this component to suppress this message.'
,Chrome 122.0.0.0 (Windows 10) ERROR: 'NG0303: Can't bind to 'ngModel' since it isn't a known property of 'textarea'.'
,Chrome 122.0.0.0 (Windows 10) ERROR: 'NG0303: Can't bind to 'ngModel' since it isn't a known property of 'textarea'.'
,Chrome 122.0.0.0 (Windows 10) ERROR: 'NG0304: 'mat-card-title' is not a known element:
1. If 'mat-card-title' is an Angular component, then verify that it is part of this module.
2. If 'mat-card-title' is a Web Component then add 'CUSTOM_ELEMENTS_SCHEMA' to the '@NgModule.schemas' of this component to suppress this message.'
,Chrome 122.0.0.0 (Windows 10) ERROR: 'NG0304: 'mat-list' is not a known element:
1. If 'mat-list' is an Angular component, then verify that it is part of this module.
2. If 'mat-list' is a Web Component then add 'CUSTOM_ELEMENTS_SCHEMA' to the '@NgModule.schemas' of this component to suppress this message.'
,Chrome 122.0.0.0 (Windows 10) ERROR: 'NG0304: 'mat-form-field' is not a known element:
1. If 'mat-form-field' is an Angular component, then verify that it is part of this module.
2. If 'mat-form-field' is a Web Component then add 'CUSTOM_ELEMENTS_SCHEMA' to the '@NgModule.schemas' of this component to suppress this message.'
,Chrome 122.0.0.0 (Windows 10) ERROR: 'NG0303: Can't bind to 'ngModel' since it isn't a known property of 'textarea'.'
,Chrome 122.0.0.0 (Windows 10) ERROR: 'NG0303: Can't bind to 'ngModel' since it isn't a known property of 'textarea'.'
,Chrome 122.0.0.0 (Windows 10) ERROR: 'NG0304: 'mat-card-title' is not a known element:
1. If 'mat-card-title' is an Angular component, then verify that it is part of this module.
2. If 'mat-card-title' is a Web Component then add 'CUSTOM_ELEMENTS_SCHEMA' to the '@NgModule.schemas' of this component to suppress this message.'
,Chrome 122.0.0.0 (Windows 10) ERROR: 'NG0304: 'mat-list' is not a known element:
1. If 'mat-list' is an Angular component, then verify that it is part of this module.
2. If 'mat-list' is a Web Component then add 'CUSTOM_ELEMENTS_SCHEMA' to the '@NgModule.schemas' of this component to suppress this message.'
,Chrome 122.0.0.0 (Windows 10) ERROR: 'NG0304: 'mat-form-field' is not a known element:
1. If 'mat-form-field' is an Angular component, then verify that it is part of this module.
2. If 'mat-form-field' is a Web Component then add 'CUSTOM_ELEMENTS_SCHEMA' to the '@NgModule.schemas' of this component to suppress this message.'
,Chrome 122.0.0.0 (Windows 10) ERROR: 'NG0303: Can't bind to 'ngModel' since it isn't a known property of 'textarea'.'
,Chrome 122.0.0.0 (Windows 10) ERROR: 'NG0303: Can't bind to 'ngModel' since it isn't a known property of 'textarea'.'
,Chrome 122.0.0.0 (Windows 10) ERROR: 'NG0304: 'mat-card-title' is not a known element:
1. If 'mat-card-title' is an Angular component, then verify that it is part of this module.
2. If 'mat-card-title' is a Web Component then add 'CUSTOM_ELEMENTS_SCHEMA' to the '@NgModule.schemas' of this component to suppress this message.'
,Chrome 122.0.0.0 (Windows 10) ERROR: 'NG0304: 'mat-list' is not a known element:
1. If 'mat-list' is an Angular component, then verify that it is part of this module.
2. If 'mat-list' is a Web Component then add 'CUSTOM_ELEMENTS_SCHEMA' to the '@NgModule.schemas' of this component to suppress this message.'
,Chrome 122.0.0.0 (Windows 10) ERROR: 'NG0304: 'mat-form-field' is not a known element:
1. If 'mat-form-field' is an Angular component, then verify that it is part of this module.
2. If 'mat-form-field' is a Web Component then add 'CUSTOM_ELEMENTS_SCHEMA' to the '@NgModule.schemas' of this component to suppress this message.'
,Chrome 122.0.0.0 (Windows 10) ERROR: 'NG0303: Can't bind to 'ngModel' since it isn't a known property of 'textarea'.'
,Chrome 122.0.0.0 (Windows 10) ERROR: 'NG0303: Can't bind to 'ngModel' since it isn't a known property of 'textarea'.'
,Chrome 122.0.0.0 (Windows 10) ERROR: 'NG0304: 'mat-card-title' is not a known element:
1. If 'mat-card-title' is an Angular component, then verify that it is part of this module.
2. If 'mat-card-title' is a Web Component then add 'CUSTOM_ELEMENTS_SCHEMA' to the '@NgModule.schemas' of this component to suppress this message.'
,Chrome 122.0.0.0 (Windows 10) ERROR: 'NG0304: 'mat-list' is not a known element:
1. If 'mat-list' is an Angular component, then verify that it is part of this module.
2. If 'mat-list' is a Web Component then add 'CUSTOM_ELEMENTS_SCHEMA' to the '@NgModule.schemas' of this component to suppress this message.'
,Chrome 122.0.0.0 (Windows 10) ERROR: 'NG0304: 'mat-form-field' is not a known element:
1. If 'mat-form-field' is an Angular component, then verify that it is part of this module.
2. If 'mat-form-field' is a Web Component then add 'CUSTOM_ELEMENTS_SCHEMA' to the '@NgModule.schemas' of this component to suppress this message.'
,Chrome 122.0.0.0 (Windows 10) ERROR: 'NG0303: Can't bind to 'ngModel' since it isn't a known property of 'textarea'.'
,Chrome 122.0.0.0 (Windows 10) ERROR: 'NG0303: Can't bind to 'ngModel' since it isn't a known property of 'textarea'.'
,Chrome 122.0.0.0 (Windows 10) ERROR: 'NG0304: 'mat-card-title' is not a known element:
1. If 'mat-card-title' is an Angular component, then verify that it is part of this module.
2. If 'mat-card-title' is a Web Component then add 'CUSTOM_ELEMENTS_SCHEMA' to the '@NgModule.schemas' of this component to suppress this message.'
,Chrome 122.0.0.0 (Windows 10) ERROR: 'NG0304: 'mat-list' is not a known element:
1. If 'mat-list' is an Angular component, then verify that it is part of this module.
2. If 'mat-list' is a Web Component then add 'CUSTOM_ELEMENTS_SCHEMA' to the '@NgModule.schemas' of this component to suppress this message.'
,Chrome 122.0.0.0 (Windows 10) ERROR: 'NG0304: 'mat-form-field' is not a known element:
1. If 'mat-form-field' is an Angular component, then verify that it is part of this module.
2. If 'mat-form-field' is a Web Component then add 'CUSTOM_ELEMENTS_SCHEMA' to the '@NgModule.schemas' of this component to suppress this message.'
,Chrome 122.0.0.0 (Windows 10) ERROR: 'NG0303: Can't bind to 'ngModel' since it isn't a known property of 'textarea'.'
,Chrome 122.0.0.0 (Windows 10) ERROR: 'NG0303: Can't bind to 'ngModel' since it isn't a known property of 'textarea'.'
,Chrome 122.0.0.0 (Windows 10) ERROR: 'NG0304: 'mat-card-title' is not a known element:
1. If 'mat-card-title' is an Angular component, then verify that it is part of this module.
2. If 'mat-card-title' is a Web Component then add 'CUSTOM_ELEMENTS_SCHEMA' to the '@NgModule.schemas' of this component to suppress this message.'
,Chrome 122.0.0.0 (Windows 10) ERROR: 'NG0304: 'mat-list' is not a known element:
1. If 'mat-list' is an Angular component, then verify that it is part of this module.
2. If 'mat-list' is a Web Component then add 'CUSTOM_ELEMENTS_SCHEMA' to the '@NgModule.schemas' of this component to suppress this message.'
,Chrome 122.0.0.0 (Windows 10) ERROR: 'NG0304: 'mat-form-field' is not a known element:
1. If 'mat-form-field' is an Angular component, then verify that it is part of this module.
2. If 'mat-form-field' is a Web Component then add 'CUSTOM_ELEMENTS_SCHEMA' to the '@NgModule.schemas' of this component to suppress this message.'
,Chrome 122.0.0.0 (Windows 10) ERROR: 'NG0303: Can't bind to 'ngModel' since it isn't a known property of 'textarea'.'
,Chrome 122.0.0.0 (Windows 10) ERROR: 'NG0303: Can't bind to 'ngModel' since it isn't a known property of 'textarea'.'
,Chrome 122.0.0.0 (Windows 10) ERROR: 'NG0304: 'mat-card-title' is not a known element:
1. If 'mat-card-title' is an Angular component, then verify that it is part of this module.
2. If 'mat-card-title' is a Web Component then add 'CUSTOM_ELEMENTS_SCHEMA' to the '@NgModule.schemas' of this component to suppress this message.'
,Chrome 122.0.0.0 (Windows 10) ERROR: 'NG0304: 'mat-list' is not a known element:
1. If 'mat-list' is an Angular component, then verify that it is part of this module.
2. If 'mat-list' is a Web Component then add 'CUSTOM_ELEMENTS_SCHEMA' to the '@NgModule.schemas' of this component to suppress this message.'
,Chrome 122.0.0.0 (Windows 10) ERROR: 'NG0304: 'mat-form-field' is not a known element:
1. If 'mat-form-field' is an Angular component, then verify that it is part of this module.
2. If 'mat-form-field' is a Web Component then add 'CUSTOM_ELEMENTS_SCHEMA' to the '@NgModule.schemas' of this component to suppress this message.'
,Chrome 122.0.0.0 (Windows 10) ERROR: 'NG0303: Can't bind to 'ngModel' since it isn't a known property of 'textarea'.'
,Chrome 122.0.0.0 (Windows 10) ERROR: 'NG0303: Can't bind to 'ngModel' since it isn't a known property of 'textarea'.'
,Chrome 122.0.0.0 (Windows 10) ERROR: 'NG0304: 'mat-card-title' is not a known element:
1. If 'mat-card-title' is an Angular component, then verify that it is part of this module.
2. If 'mat-card-title' is a Web Component then add 'CUSTOM_ELEMENTS_SCHEMA' to the '@NgModule.schemas' of this component to suppress this message.'
,Chrome 122.0.0.0 (Windows 10) ERROR: 'NG0304: 'mat-list' is not a known element:
1. If 'mat-list' is an Angular component, then verify that it is part of this module.
2. If 'mat-list' is a Web Component then add 'CUSTOM_ELEMENTS_SCHEMA' to the '@NgModule.schemas' of this component to suppress this message.'
,Chrome 122.0.0.0 (Windows 10) ERROR: 'NG0304: 'mat-form-field' is not a known element:
1. If 'mat-form-field' is an Angular component, then verify that it is part of this module.
2. If 'mat-form-field' is a Web Component then add 'CUSTOM_ELEMENTS_SCHEMA' to the '@NgModule.schemas' of this component to suppress this message.'
,Chrome 122.0.0.0 (Windows 10) ERROR: 'NG0303: Can't bind to 'ngModel' since it isn't a known property of 'textarea'.'
,Chrome 122.0.0.0 (Windows 10) ERROR: 'NG0303: Can't bind to 'ngModel' since it isn't a known property of 'textarea'.'
,Chrome 122.0.0.0 (Windows 10) ERROR: 'NG0304: 'mat-card-title' is not a known element:
1. If 'mat-card-title' is an Angular component, then verify that it is part of this module.
2. If 'mat-card-title' is a Web Component then add 'CUSTOM_ELEMENTS_SCHEMA' to the '@NgModule.schemas' of this component to suppress this message.'
,Chrome 122.0.0.0 (Windows 10) ERROR: 'NG0304: 'mat-list' is not a known element:
1. If 'mat-list' is an Angular component, then verify that it is part of this module.
2. If 'mat-list' is a Web Component then add 'CUSTOM_ELEMENTS_SCHEMA' to the '@NgModule.schemas' of this component to suppress this message.'
,Chrome 122.0.0.0 (Windows 10) ERROR: 'NG0304: 'mat-form-field' is not a known element:
1. If 'mat-form-field' is an Angular component, then verify that it is part of this module.
2. If 'mat-form-field' is a Web Component then add 'CUSTOM_ELEMENTS_SCHEMA' to the '@NgModule.schemas' of this component to suppress this message.'
,Chrome 122.0.0.0 (Windows 10) ERROR: 'NG0303: Can't bind to 'ngModel' since it isn't a known property of 'textarea'.'
,Chrome 122.0.0.0 (Windows 10) ERROR: 'NG0303: Can't bind to 'ngModel' since it isn't a known property of 'textarea'.'
,Chrome 122.0.0.0 (Windows 10) ERROR: 'NG0304: 'mat-card-title' is not a known element:
1. If 'mat-card-title' is an Angular component, then verify that it is part of this module.
2. If 'mat-card-title' is a Web Component then add 'CUSTOM_ELEMENTS_SCHEMA' to the '@NgModule.schemas' of this component to suppress this message.'
,Chrome 122.0.0.0 (Windows 10) ERROR: 'NG0304: 'mat-list' is not a known element:
1. If 'mat-list' is an Angular component, then verify that it is part of this module.
2. If 'mat-list' is a Web Component then add 'CUSTOM_ELEMENTS_SCHEMA' to the '@NgModule.schemas' of this component to suppress this message.'
,Chrome 122.0.0.0 (Windows 10) ERROR: 'NG0304: 'mat-form-field' is not a known element:
1. If 'mat-form-field' is an Angular component, then verify that it is part of this module.
2. If 'mat-form-field' is a Web Component then add 'CUSTOM_ELEMENTS_SCHEMA' to the '@NgModule.schemas' of this component to suppress this message.'
,Chrome 122.0.0.0 (Windows 10) ERROR: 'NG0303: Can't bind to 'ngModel' since it isn't a known property of 'textarea'.'
,Chrome 122.0.0.0 (Windows 10) ERROR: 'NG0303: Can't bind to 'ngModel' since it isn't a known property of 'textarea'.'
,Chrome 122.0.0.0 (Windows 10) ERROR: 'NG0304: 'mat-card-title' is not a known element:
1. If 'mat-card-title' is an Angular component, then verify that it is part of this module.
2. If 'mat-card-title' is a Web Component then add 'CUSTOM_ELEMENTS_SCHEMA' to the '@NgModule.schemas' of this component to suppress this message.'
,Chrome 122.0.0.0 (Windows 10) ERROR: 'NG0304: 'mat-list' is not a known element:
1. If 'mat-list' is an Angular component, then verify that it is part of this module.
2. If 'mat-list' is a Web Component then add 'CUSTOM_ELEMENTS_SCHEMA' to the '@NgModule.schemas' of this component to suppress this message.'
,Chrome 122.0.0.0 (Windows 10) ERROR: 'NG0304: 'mat-form-field' is not a known element:
1. If 'mat-form-field' is an Angular component, then verify that it is part of this module.
2. If 'mat-form-field' is a Web Component then add 'CUSTOM_ELEMENTS_SCHEMA' to the '@NgModule.schemas' of this component to suppress this message.'
,Chrome 122.0.0.0 (Windows 10) ERROR: 'NG0303: Can't bind to 'ngModel' since it isn't a known property of 'textarea'.'
,Chrome 122.0.0.0 (Windows 10) ERROR: 'NG0303: Can't bind to 'ngModel' since it isn't a known property of 'textarea'.'
,Chrome 122.0.0.0 (Windows 10) ERROR: 'NG0304: 'mat-card-title' is not a known element:
1. If 'mat-card-title' is an Angular component, then verify that it is part of this module.
2. If 'mat-card-title' is a Web Component then add 'CUSTOM_ELEMENTS_SCHEMA' to the '@NgModule.schemas' of this component to suppress this message.'
,Chrome 122.0.0.0 (Windows 10) ERROR: 'NG0304: 'mat-list' is not a known element:
1. If 'mat-list' is an Angular component, then verify that it is part of this module.
2. If 'mat-list' is a Web Component then add 'CUSTOM_ELEMENTS_SCHEMA' to the '@NgModule.schemas' of this component to suppress this message.'
,Chrome 122.0.0.0 (Windows 10) ERROR: 'NG0304: 'mat-form-field' is not a known element:
1. If 'mat-form-field' is an Angular component, then verify that it is part of this module.
2. If 'mat-form-field' is a Web Component then add 'CUSTOM_ELEMENTS_SCHEMA' to the '@NgModule.schemas' of this component to suppress this message.'
,Chrome 122.0.0.0 (Windows 10) ERROR: 'NG0303: Can't bind to 'ngModel' since it isn't a known property of 'textarea'.'
,Chrome 122.0.0.0 (Windows 10) ERROR: 'NG0303: Can't bind to 'ngModel' since it isn't a known property of 'textarea'.'
,Chrome 122.0.0.0 (Windows 10) ERROR: 'NG0304: 'mat-card-title' is not a known element:
1. If 'mat-card-title' is an Angular component, then verify that it is part of this module.
2. If 'mat-card-title' is a Web Component then add 'CUSTOM_ELEMENTS_SCHEMA' to the '@NgModule.schemas' of this component to suppress this message.'
,Chrome 122.0.0.0 (Windows 10) ERROR: 'NG0304: 'mat-list' is not a known element:
1. If 'mat-list' is an Angular component, then verify that it is part of this module.
2. If 'mat-list' is a Web Component then add 'CUSTOM_ELEMENTS_SCHEMA' to the '@NgModule.schemas' of this component to suppress this message.'
,Chrome 122.0.0.0 (Windows 10) ERROR: 'NG0304: 'mat-form-field' is not a known element:
1. If 'mat-form-field' is an Angular component, then verify that it is part of this module.
2. If 'mat-form-field' is a Web Component then add 'CUSTOM_ELEMENTS_SCHEMA' to the '@NgModule.schemas' of this component to suppress this message.'
,Chrome 122.0.0.0 (Windows 10) ERROR: 'NG0303: Can't bind to 'ngModel' since it isn't a known property of 'textarea'.'
,Chrome 122.0.0.0 (Windows 10) ERROR: 'NG0303: Can't bind to 'ngModel' since it isn't a known property of 'textarea'.'

]]>
  </system-out>
  <system-err/>
</testsuite>